// Jest Snapshot v1, https://goo.gl/fbAQLP

exports[`waweb.views/home should render successfully 1`] = `
<div>
  <div
    class="w-full h-full"
    data-testid="waweb.views/home"
  >
    <section
      class="pt-10 bg-gray-900 sm:pt-16 lg:pt-8 lg:pb-14 lg:overflow-hidden"
    >
      <div
        class="mx-auto max-w-7xl lg:px-8"
      >
        <div
          class="lg:grid lg:grid-cols-2 lg:gap-8"
        >
          <div
            class="max-w-md px-4 mx-auto sm:max-w-2xl sm:px-6 sm:text-center lg:px-0 lg:text-left lg:flex lg:items-center"
          >
            <div
              class="lg:py-24"
            >
              <a
                class="inline-flex items-center p-1 pr-2 text-white bg-black rounded-full sm:text-base lg:text-sm xl:text-base hover:text-gray-200"
                href="/careers"
              >
                <span
                  class="px-3 py-0.5 text-white text-xs font-semibold leading-5 uppercase tracking-wide bg-gradient-to-r from-teal-500 to-cyan-600 rounded-full"
                >
                  We're hiring
                </span>
                <span
                  class="ml-4 text-sm"
                >
                  Visit our careers page
                </span>
                <svg
                  aria-hidden="true"
                  class="w-5 h-5 ml-2 text-gray-500"
                  fill="currentColor"
                  viewBox="0 0 20 20"
                  xmlns="http://www.w3.org/2000/svg"
                >
                  <path
                    clip-rule="evenodd"
                    d="M7.293 14.707a1 1 0 010-1.414L10.586 10 7.293 6.707a1 1 0 011.414-1.414l4 4a1 1 0 010 1.414l-4 4a1 1 0 01-1.414 0z"
                    fill-rule="evenodd"
                  />
                </svg>
              </a>
              <h1
                class="mt-4 text-4xl font-extrabold tracking-tight text-white sm:mt-5 sm:text-6xl lg:mt-6 xl:text-6xl"
              >
                <span
                  class="block"
                >
                  A better way to
                </span>
                <span
                  class="block pb-3 text-transparent bg-clip-text bg-gradient-to-r from-teal-200 to-cyan-400 sm:pb-5"
                >
                  ship web apps
                </span>
              </h1>
              <p
                class="text-base text-gray-300 sm:text-xl lg:text-lg xl:text-xl"
              >
                Anim aute id magna aliqua ad ad non deserunt sunt. Qui irure qui Lorem cupidatat commodo. Elit sunt amet fugiat veniam occaecat fugiat.
              </p>
              <div
                class="mt-10 sm:mt-12"
              >
                <form
                  action="#"
                  class="sm:max-w-xl sm:mx-auto lg:mx-0"
                >
                  <div
                    class="sm:flex"
                  >
                    <div
                      class="flex-1 min-w-0"
                    >
                      <label
                        class="sr-only"
                        for="email"
                      >
                        Email address
                      </label>
                      <input
                        class="block w-full px-4 py-3 text-base text-gray-900 placeholder-gray-500 border-0 rounded-md focus:outline-none focus:ring-2 focus:ring-offset-2 focus:ring-cyan-400 focus:ring-offset-gray-900"
                        id="email"
                        placeholder="Enter your email"
                        type="email"
                      />
                    </div>
                    <div
                      class="mt-3 sm:mt-0 sm:ml-3"
                    >
                      <button
                        class="block w-full px-4 py-3 font-medium text-white rounded-md shadow bg-gradient-to-r from-teal-500 to-cyan-600 hover:from-teal-600 hover:to-cyan-700 focus:outline-none focus:ring-2 focus:ring-offset-2 focus:ring-cyan-400 focus:ring-offset-gray-900"
                        type="submit"
                      >
                        Start free trial
                      </button>
                    </div>
                  </div>
                  <p
                    class="mt-3 text-sm text-gray-300 sm:mt-4"
                  >
                    Start your free 14-day trial, no credit card necessary. By providing your email, you agree to our
                     
                    <a
                      class="font-medium text-white"
                      href="/terms-and-conditions"
                    >
                      terms of service
                    </a>
                    .
                  </p>
                </form>
              </div>
            </div>
          </div>
          <div
            class="mt-12 -mb-16 sm:-mb-48 lg:m-0 lg:relative"
          >
            <div
              class="max-w-md px-4 mx-auto sm:max-w-2xl sm:px-6 lg:max-w-none lg:px-0"
            >
              <svg
                fill="none"
                height="600"
                width="601"
                xmlns="http://www.w3.org/2000/svg"
              >
                <path
                  d="M546.232 252.902c0 3.258-.072 6.516-.289 9.557C577.053 286.135 601 336.889 601 381.561c0 48.655-28.433 71.606-63.522 51.334-.072-.073-.145-.073-.217-.145L316.815 305.539c-.073-.073-.145-.073-.29-.145-39.43-22.807-71.408-85.58-71.408-140.244 0-51.189 28.071-77.181 64.029-61.47 4.413-35.115 27.926-50.247 56.287-33.812 13.602 7.892 26.118 21.721 35.885 38.374 14.18-21.07 38.345-26.427 65.692-10.644 43.771 25.197 79.222 94.775 79.222 155.304Z"
                  fill="url(#a)"
                  opacity="0.07"
                />
                <path
                  d="M510.058 287.655c0 3.258-.072 6.517-.289 9.557 31.11 23.676 55.057 74.43 55.057 119.103 0 48.654-28.433 71.606-63.522 51.333-.072-.072-.145-.072-.217-.145L280.641 340.292c-.072-.072-.145-.072-.29-.145-39.43-22.807-71.408-85.58-71.408-140.244 0-51.188 28.072-77.181 64.029-61.469 4.413-35.116 27.926-50.248 56.287-33.812 13.602 7.892 26.118 21.72 35.885 38.373 14.18-21.069 38.345-26.427 65.693-10.643 43.771 25.196 79.221 94.775 79.221 155.303Z"
                  fill="url(#b)"
                  opacity="0.4"
                />
                <path
                  d="m161.048 349.632-33.569-19.404v-11.367l33.569 19.404c2.75 1.593 6.729 4.778 10.129 9.702 3.69 5.285 6.294 11.946 6.294 19.186 0 7.965-2.025 12.526-5.932 13.829-3.618 1.231-7.886-.869-10.563-2.389l-13.819-7.964-.072-.073c-1.158-.724-3.039-1.375-4.558-.941-1.23.362-2.605 1.593-2.605 6.009 0 4.417 1.375 7.168 2.533 8.761 1.447 2.027 3.328 3.475 4.485 4.055l.145.072 42.179 24.4v11.367l-41.962-24.255c-2.894-1.52-7.018-4.706-10.635-9.774-3.907-5.503-6.656-12.526-6.584-20.345 0-7.747 2.677-11.73 6.584-12.816 3.617-1.013 7.741.435 10.635 2.245l13.674 7.892c1.953 1.158 3.473 1.665 4.413 1.303.724-.217 2.171-1.303 2.171-7.095 0-3.693-1.23-6.155-2.315-7.82-1.303-1.882-3.111-3.33-4.197-3.982Z"
                  fill="#fff"
                  opacity="0.2"
                />
                <path
                  d="M134.714 327.404c0 9.34-5.499 13.757-12.227 9.919-6.729-3.909-12.227-14.625-12.227-24.037 0-9.34 5.498-13.757 12.227-9.919 6.728 3.909 12.227 14.697 12.227 24.037Z"
                  fill="url(#c)"
                />
                <path
                  d="M206.339 428.044c0 9.34-5.499 13.756-12.227 9.919-6.729-3.91-12.227-14.625-12.227-24.038 0-9.34 5.498-13.756 12.227-9.919 6.728 3.91 12.227 14.698 12.227 24.038Z"
                  fill="url(#d)"
                />
                <path
                  d="m264.145 187.522 216.973 125.329v114.903L264.072 302.425l.073-114.903Z"
                  fill="url(#e)"
                  opacity="0.07"
                />
                <path
                  d="m235.133 202.003 216.973 125.329v114.903L235.133 316.906V202.003Z"
                  fill="url(#f)"
                  opacity="0.3"
                />
                <path
                  d="M254.594 270.424c0 9.267 5.498 19.911 12.227 23.82 6.728 3.91 12.227-.434 12.227-9.702 0-9.267-5.499-19.91-12.227-23.82-6.729-3.91-12.227.434-12.227 9.702Z"
                  fill="url(#g)"
                />
                <path
                  d="M285.199 288.307c0 4.272 2.532 9.268 5.716 11.078 3.111 1.81 5.643-.217 5.643-4.489s-2.532-9.268-5.716-11.078c-3.111-1.81-5.643.217-5.643 4.489ZM302.635 298.371c0 4.271 2.532 9.267 5.715 11.077 3.111 1.81 5.644-.217 5.644-4.489 0-4.271-2.533-9.267-5.716-11.077-3.111-1.81-5.643.217-5.643 4.489ZM397.338 317.919v65.38l-8.537-4.923v-65.38l8.537 4.923ZM416.004 328.78v65.379l-8.537-4.923v-65.38l8.537 4.924ZM434.742 339.64v65.38l-8.537-4.924v-65.379l8.537 4.923Z"
                  fill="#fff"
                  opacity="0.15"
                />
                <path
                  d="m264.072 344.563 216.974 125.329v114.903L264.072 459.466V344.563Z"
                  fill="url(#h)"
                  opacity="0.07"
                />
                <path
                  d="m235.133 359.768 216.973 125.329V600L235.133 474.671V359.768Z"
                  fill="url(#i)"
                  opacity="0.3"
                />
                <path
                  d="M254.594 428.188c0 9.268 5.498 19.911 12.227 23.821 6.728 3.91 12.227-.435 12.227-9.702 0-9.268-5.499-19.911-12.227-23.82-6.729-3.91-12.227.434-12.227 9.701Z"
                  fill="url(#j)"
                />
                <path
                  d="M285.199 446.145c0 4.271 2.532 9.267 5.716 11.077 3.111 1.81 5.643-.217 5.643-4.489s-2.532-9.267-5.716-11.077c-3.111-1.81-5.643.144-5.643 4.489ZM302.562 456.208c0 4.272 2.533 9.268 5.716 11.078 3.111 1.81 5.643-.217 5.643-4.489s-2.532-9.267-5.715-11.078c-3.111-1.882-5.644.145-5.644 4.489ZM397.338 477.929v65.38l-8.537-4.924v-65.379l8.537 4.923ZM416.004 488.79v65.379l-8.537-4.923v-65.38l8.537 4.924ZM434.742 499.65v65.379l-8.537-4.923v-65.379l8.537 4.923Z"
                  fill="#fff"
                  opacity="0.15"
                />
                <path
                  d="m42.469 31.785 135.219 78.122v250.73l-135.22-78.195V31.785Z"
                  fill="url(#k)"
                  opacity="0.3"
                />
                <path
                  d="M125.959 122.577c0 12.526-7.235 18.463-16.134 13.25-8.899-5.213-16.134-19.549-16.134-32.074 0-12.526 7.235-18.463 16.134-13.25 8.899 5.213 16.134 19.549 16.134 32.074Z"
                  fill="url(#l)"
                />
                <path
                  d="M109.825 145.891c-14.398-8.398-26.263-.507-28.36 17.594-.363 3.113 2.025 7.313 4.919 8.978l46.954 27.441c2.894 1.665 5.282.362 4.92-3.259-2.171-20.634-14.108-42.355-28.433-50.754Z"
                  fill="url(#m)"
                />
                <path
                  d="m69.6 194.401 80.596 46.555v9.846L69.6 204.248v-9.847ZM77.775 218.656l63.884 36.853v9.846l-63.884-36.853v-9.846Z"
                  fill="#fff"
                  opacity="0.15"
                />
                <path
                  d="M94.053 260.07 0 205.696v28.02l94.053 54.374v-28.02Z"
                  fill="url(#n)"
                />
                <path
                  d="m206.845 0 20.113 39.532c2.749 5.43 2.315 10.86-1.013 12.163-3.328 1.304-8.247-2.1-10.997-7.53l-.217-.506v43.876c0 4.996-3.472 7.023-7.813 4.561-4.341-2.534-7.814-8.544-7.814-13.54V34.682l-.217.217c-2.749 2.244-7.741-.072-10.997-5.213-3.328-5.14-3.762-11.077-1.013-13.322L206.845 0Z"
                  fill="url(#o)"
                  opacity="0.2"
                />
                <path
                  d="m206.845 583.709-20.112-39.532c-2.75-5.43-2.316-10.86 1.012-12.163 3.328-1.303 8.248 2.099 10.997 7.53l.217.506v-43.876c0-4.995 3.473-7.023 7.814-4.561 4.341 2.534 7.814 8.544 7.814 13.539v43.876l.217-.217c2.749-2.244 7.741.073 10.997 5.213 3.328 5.141 3.762 11.078 1.013 13.322l-19.969 16.363Z"
                  fill="url(#p)"
                  opacity="0.2"
                />
                <defs>
                  <lineargradient
                    gradientUnits="userSpaceOnUse"
                    id="a"
                    x1="588.058"
                    x2="364.033"
                    y1="114.638"
                    y2="326.972"
                  >
                    <stop
                      stop-color="#fff"
                    />
                    <stop
                      offset="1"
                      stop-color="#fff"
                      stop-opacity="0"
                    />
                  </lineargradient>
                  <lineargradient
                    gradientUnits="userSpaceOnUse"
                    id="b"
                    x1="551.876"
                    x2="327.852"
                    y1="149.392"
                    y2="361.726"
                  >
                    <stop
                      stop-color="#fff"
                    />
                    <stop
                      offset="1"
                      stop-color="#fff"
                      stop-opacity="0"
                    />
                  </lineargradient>
                  <lineargradient
                    gradientUnits="userSpaceOnUse"
                    id="c"
                    x1="134.714"
                    x2="110.26"
                    y1="320.566"
                    y2="320.566"
                  >
                    <stop
                      stop-color="#22D3EE"
                    />
                    <stop
                      offset="1"
                      stop-color="#99F6E4"
                    />
                  </lineargradient>
                  <lineargradient
                    gradientUnits="userSpaceOnUse"
                    id="d"
                    x1="206.339"
                    x2="181.885"
                    y1="421.206"
                    y2="421.206"
                  >
                    <stop
                      stop-color="#22D3EE"
                    />
                    <stop
                      offset="1"
                      stop-color="#99F6E4"
                    />
                  </lineargradient>
                  <lineargradient
                    gradientUnits="userSpaceOnUse"
                    id="e"
                    x1="368.16"
                    x2="376.256"
                    y1="196.711"
                    y2="399.958"
                  >
                    <stop
                      stop-color="#fff"
                    />
                    <stop
                      offset="1"
                      stop-color="#fff"
                      stop-opacity="0"
                    />
                  </lineargradient>
                  <lineargradient
                    gradientUnits="userSpaceOnUse"
                    id="f"
                    x1="339.219"
                    x2="347.315"
                    y1="211.191"
                    y2="414.438"
                  >
                    <stop
                      stop-color="#fff"
                    />
                    <stop
                      offset="1"
                      stop-color="#fff"
                      stop-opacity="0"
                    />
                  </lineargradient>
                  <lineargradient
                    gradientUnits="userSpaceOnUse"
                    id="g"
                    x1="279.048"
                    x2="254.594"
                    y1="277.702"
                    y2="277.702"
                  >
                    <stop
                      stop-color="#22D3EE"
                    />
                    <stop
                      offset="1"
                      stop-color="#99F6E4"
                    />
                  </lineargradient>
                  <lineargradient
                    gradientUnits="userSpaceOnUse"
                    id="h"
                    x1="368.144"
                    x2="376.24"
                    y1="353.776"
                    y2="557.023"
                  >
                    <stop
                      stop-color="#fff"
                    />
                    <stop
                      offset="1"
                      stop-color="#fff"
                      stop-opacity="0"
                    />
                  </lineargradient>
                  <lineargradient
                    gradientUnits="userSpaceOnUse"
                    id="i"
                    x1="339.204"
                    x2="347.3"
                    y1="368.981"
                    y2="572.227"
                  >
                    <stop
                      stop-color="#fff"
                    />
                    <stop
                      offset="1"
                      stop-color="#fff"
                      stop-opacity="0"
                    />
                  </lineargradient>
                  <lineargradient
                    gradientUnits="userSpaceOnUse"
                    id="j"
                    x1="279.048"
                    x2="254.594"
                    y1="435.467"
                    y2="435.467"
                  >
                    <stop
                      stop-color="#22D3EE"
                    />
                    <stop
                      offset="1"
                      stop-color="#99F6E4"
                    />
                  </lineargradient>
                  <lineargradient
                    gradientUnits="userSpaceOnUse"
                    id="k"
                    x1="192.18"
                    x2="72.012"
                    y1="53.821"
                    y2="261.857"
                  >
                    <stop
                      stop-color="#fff"
                    />
                    <stop
                      offset="1"
                      stop-color="#fff"
                      stop-opacity="0"
                    />
                  </lineargradient>
                  <lineargradient
                    gradientUnits="userSpaceOnUse"
                    id="l"
                    x1="125.959"
                    x2="93.691"
                    y1="113.461"
                    y2="113.461"
                  >
                    <stop
                      stop-color="#22D3EE"
                    />
                    <stop
                      offset="1"
                      stop-color="#99F6E4"
                    />
                  </lineargradient>
                  <lineargradient
                    gradientUnits="userSpaceOnUse"
                    id="m"
                    x1="138.294"
                    x2="81.428"
                    y1="171.925"
                    y2="171.925"
                  >
                    <stop
                      stop-color="#22D3EE"
                    />
                    <stop
                      offset="1"
                      stop-color="#99F6E4"
                    />
                  </lineargradient>
                  <lineargradient
                    gradientUnits="userSpaceOnUse"
                    id="n"
                    x1="94.053"
                    x2="0"
                    y1="247.389"
                    y2="247.389"
                  >
                    <stop
                      stop-color="#22D3EE"
                    />
                    <stop
                      offset="1"
                      stop-color="#99F6E4"
                    />
                  </lineargradient>
                  <lineargradient
                    gradientUnits="userSpaceOnUse"
                    id="o"
                    x1="221.158"
                    x2="184.449"
                    y1="39.876"
                    y2="60.324"
                  >
                    <stop
                      stop-color="#fff"
                    />
                    <stop
                      offset="1"
                      stop-color="#fff"
                      stop-opacity="0"
                    />
                  </lineargradient>
                  <lineargradient
                    gradientUnits="userSpaceOnUse"
                    id="p"
                    x1="192.494"
                    x2="229.203"
                    y1="543.86"
                    y2="523.412"
                  >
                    <stop
                      stop-color="#fff"
                    />
                    <stop
                      offset="1"
                      stop-color="#fff"
                      stop-opacity="0"
                    />
                  </lineargradient>
                </defs>
              </svg>
            </div>
          </div>
        </div>
      </div>
    </section>
    <section
      class="relative pt-16 bg-gray-50 sm:pt-24 lg:pt-32"
    >
      <div
        class="max-w-md px-4 mx-auto text-center sm:px-6 sm:max-w-3xl lg:px-8 lg:max-w-7xl"
      >
        <div>
          <h2
            class="text-base font-semibold tracking-wider uppercase text-cyan-600"
          >
            Serverless
          </h2>
          <p
            class="mt-2 text-3xl font-extrabold tracking-tight text-gray-900 sm:text-4xl"
          >
            No server? No problem.
          </p>
          <p
            class="mx-auto mt-5 text-xl text-gray-500 max-w-prose"
          >
            Phasellus lorem quam molestie id quisque diam aenean nulla in. Accumsan in quis quis nunc, ullamcorper malesuada. Eleifend condimentum id viverra nulla.
          </p>
        </div>
        <div
          class="mt-12 -mb-10 sm:-mb-24 lg:-mb-80"
        >
          <img
            alt=""
            class="rounded-lg shadow-xl ring-1 ring-black ring-opacity-5"
            src="https://www.datocms-assets.com/62247/1644448694-green-project-app-screenshot.jpg"
          />
        </div>
      </div>
    </section>
    <section
      class="relative py-16 bg-white sm:py-24 lg:py-32"
    >
      <div
        class="max-w-md px-4 mx-auto text-center sm:max-w-3xl sm:px-6 lg:px-8 lg:max-w-7xl"
      >
        <h2
          class="text-base font-semibold tracking-wider uppercase text-cyan-600"
        >
          Deploy faster
        </h2>
        <p
          class="mt-2 text-3xl font-extrabold tracking-tight text-gray-900 sm:text-4xl"
        >
          Everything you need to deploy your app
        </p>
        <p
          class="mx-auto mt-5 text-xl text-gray-500 max-w-prose"
        >
          Phasellus lorem quam molestie id quisque diam aenean nulla in. Accumsan in quis quis nunc, ullamcorper malesuada. Eleifend condimentum id viverra nulla.
        </p>
        <div
          class="mt-12"
        >
          <div
            class="grid grid-cols-1 gap-8 sm:grid-cols-2 lg:grid-cols-3"
          >
            <div
              class="pt-6"
            >
              <div
                class="flow-root px-6 pb-8 rounded-lg bg-gray-50"
              >
                <div
                  class="-mt-6"
                >
                  <div>
                    <span
                      class="inline-flex items-center justify-center p-3 rounded-md shadow-lg bg-gradient-to-r from-teal-500 to-cyan-600"
                    >
                      <svg
                        aria-hidden="true"
                        class="w-6 h-6 text-white"
                        fill="none"
                        stroke="currentColor"
                        viewBox="0 0 24 24"
                        xmlns="http://www.w3.org/2000/svg"
                      >
                        <path
                          d="M7 16a4 4 0 01-.88-7.903A5 5 0 1115.9 6L16 6a5 5 0 011 9.9M15 13l-3-3m0 0l-3 3m3-3v12"
                          stroke-linecap="round"
                          stroke-linejoin="round"
                          stroke-width="2"
                        />
                      </svg>
                    </span>
                  </div>
                  <h3
                    class="mt-8 text-lg font-medium tracking-tight text-gray-900"
                  >
                    Push to Deploy
                  </h3>
                  <p
                    class="mt-5 text-base text-gray-500"
                  >
                    Ac tincidunt sapien vehicula erat auctor pellentesque rhoncus. Et magna sit morbi vitae lobortis.
                  </p>
                </div>
              </div>
            </div>
            <div
              class="pt-6"
            >
              <div
                class="flow-root px-6 pb-8 rounded-lg bg-gray-50"
              >
                <div
                  class="-mt-6"
                >
                  <div>
                    <span
                      class="inline-flex items-center justify-center p-3 rounded-md shadow-lg bg-gradient-to-r from-teal-500 to-cyan-600"
                    >
                      <svg
                        aria-hidden="true"
                        class="w-6 h-6 text-white"
                        fill="none"
                        stroke="currentColor"
                        viewBox="0 0 24 24"
                        xmlns="http://www.w3.org/2000/svg"
                      >
                        <path
                          d="M12 15v2m-6 4h12a2 2 0 002-2v-6a2 2 0 00-2-2H6a2 2 0 00-2 2v6a2 2 0 002 2zm10-10V7a4 4 0 00-8 0v4h8z"
                          stroke-linecap="round"
                          stroke-linejoin="round"
                          stroke-width="2"
                        />
                      </svg>
                    </span>
                  </div>
                  <h3
                    class="mt-8 text-lg font-medium tracking-tight text-gray-900"
                  >
                    SSL Certificates
                  </h3>
                  <p
                    class="mt-5 text-base text-gray-500"
                  >
                    Qui aut temporibus nesciunt vitae dicta repellat sit dolores pariatur. Temporibus qui illum aut.
                  </p>
                </div>
              </div>
            </div>
            <div
              class="pt-6"
            >
              <div
                class="flow-root px-6 pb-8 rounded-lg bg-gray-50"
              >
                <div
                  class="-mt-6"
                >
                  <div>
                    <span
                      class="inline-flex items-center justify-center p-3 rounded-md shadow-lg bg-gradient-to-r from-teal-500 to-cyan-600"
                    >
                      <svg
                        aria-hidden="true"
                        class="w-6 h-6 text-white"
                        fill="none"
                        stroke="currentColor"
                        viewBox="0 0 24 24"
                        xmlns="http://www.w3.org/2000/svg"
                      >
                        <path
                          d="M4 4v5h.582m15.356 2A8.001 8.001 0 004.582 9m0 0H9m11 11v-5h-.581m0 0a8.003 8.003 0 01-15.357-2m15.357 2H15"
                          stroke-linecap="round"
                          stroke-linejoin="round"
                          stroke-width="2"
                        />
                      </svg>
                    </span>
                  </div>
                  <h3
                    class="mt-8 text-lg font-medium tracking-tight text-gray-900"
                  >
                    Simple Queues
                  </h3>
                  <p
                    class="mt-5 text-base text-gray-500"
                  >
                    Rerum quas incidunt deleniti quaerat suscipit mollitia. Amet repellendus ut odit dolores qui.
                  </p>
                </div>
              </div>
            </div>
            <div
              class="pt-6"
            >
              <div
                class="flow-root px-6 pb-8 rounded-lg bg-gray-50"
              >
                <div
                  class="-mt-6"
                >
                  <div>
                    <span
                      class="inline-flex items-center justify-center p-3 rounded-md shadow-lg bg-gradient-to-r from-teal-500 to-cyan-600"
                    >
                      <svg
                        aria-hidden="true"
                        class="w-6 h-6 text-white"
                        fill="none"
                        stroke="currentColor"
                        viewBox="0 0 24 24"
                        xmlns="http://www.w3.org/2000/svg"
                      >
                        <path
                          d="M9 12l2 2 4-4m5.618-4.016A11.955 11.955 0 0112 2.944a11.955 11.955 0 01-8.618 3.04A12.02 12.02 0 003 9c0 5.591 3.824 10.29 9 11.622 5.176-1.332 9-6.03 9-11.622 0-1.042-.133-2.052-.382-3.016z"
                          stroke-linecap="round"
                          stroke-linejoin="round"
                          stroke-width="2"
                        />
                      </svg>
                    </span>
                  </div>
                  <h3
                    class="mt-8 text-lg font-medium tracking-tight text-gray-900"
                  >
                    Advanced Security
                  </h3>
                  <p
                    class="mt-5 text-base text-gray-500"
                  >
                    Ullam laboriosam est voluptatem maxime ut mollitia commodi. Et dignissimos suscipit perspiciatis.
                  </p>
                </div>
              </div>
            </div>
            <div
              class="pt-6"
            >
              <div
                class="flow-root px-6 pb-8 rounded-lg bg-gray-50"
              >
                <div
                  class="-mt-6"
                >
                  <div>
                    <span
                      class="inline-flex items-center justify-center p-3 rounded-md shadow-lg bg-gradient-to-r from-teal-500 to-cyan-600"
                    >
                      <svg
                        aria-hidden="true"
                        class="w-6 h-6 text-white"
                        fill="none"
                        stroke="currentColor"
                        viewBox="0 0 24 24"
                        xmlns="http://www.w3.org/2000/svg"
                      >
                        <path
                          d="M10.325 4.317c.426-1.756 2.924-1.756 3.35 0a1.724 1.724 0 002.573 1.066c1.543-.94 3.31.826 2.37 2.37a1.724 1.724 0 001.065 2.572c1.756.426 1.756 2.924 0 3.35a1.724 1.724 0 00-1.066 2.573c.94 1.543-.826 3.31-2.37 2.37a1.724 1.724 0 00-2.572 1.065c-.426 1.756-2.924 1.756-3.35 0a1.724 1.724 0 00-2.573-1.066c-1.543.94-3.31-.826-2.37-2.37a1.724 1.724 0 00-1.065-2.572c-1.756-.426-1.756-2.924 0-3.35a1.724 1.724 0 001.066-2.573c-.94-1.543.826-3.31 2.37-2.37.996.608 2.296.07 2.572-1.065z"
                          stroke-linecap="round"
                          stroke-linejoin="round"
                          stroke-width="2"
                        />
                        <path
                          d="M15 12a3 3 0 11-6 0 3 3 0 016 0z"
                          stroke-linecap="round"
                          stroke-linejoin="round"
                          stroke-width="2"
                        />
                      </svg>
                    </span>
                  </div>
                  <h3
                    class="mt-8 text-lg font-medium tracking-tight text-gray-900"
                  >
                    Powerful API
                  </h3>
                  <p
                    class="mt-5 text-base text-gray-500"
                  >
                    Ab a facere voluptatem in quia corrupti veritatis aliquam. Veritatis labore quaerat ipsum quaerat id.
                  </p>
                </div>
              </div>
            </div>
            <div
              class="pt-6"
            >
              <div
                class="flow-root px-6 pb-8 rounded-lg bg-gray-50"
              >
                <div
                  class="-mt-6"
                >
                  <div>
                    <span
                      class="inline-flex items-center justify-center p-3 rounded-md shadow-lg bg-gradient-to-r from-teal-500 to-cyan-600"
                    >
                      <svg
                        aria-hidden="true"
                        class="w-6 h-6 text-white"
                        fill="none"
                        stroke="currentColor"
                        viewBox="0 0 24 24"
                        xmlns="http://www.w3.org/2000/svg"
                      >
                        <path
                          d="M5 12h14M5 12a2 2 0 01-2-2V6a2 2 0 012-2h14a2 2 0 012 2v4a2 2 0 01-2 2M5 12a2 2 0 00-2 2v4a2 2 0 002 2h14a2 2 0 002-2v-4a2 2 0 00-2-2m-2-4h.01M17 16h.01"
                          stroke-linecap="round"
                          stroke-linejoin="round"
                          stroke-width="2"
                        />
                      </svg>
                    </span>
                  </div>
                  <h3
                    class="mt-8 text-lg font-medium tracking-tight text-gray-900"
                  >
                    Database Backups
                  </h3>
                  <p
                    class="mt-5 text-base text-gray-500"
                  >
                    Quia qui et est officia cupiditate qui consectetur. Ratione similique et impedit ea ipsum et.
                  </p>
                </div>
              </div>
            </div>
          </div>
        </div>
      </div>
    </section>
    <section
      class="pb-16 bg-gradient-to-r from-teal-500 to-cyan-600 lg:pb-0 lg:z-10 lg:relative"
    >
      <div
        class="lg:mx-auto lg:max-w-7xl lg:px-8 lg:grid lg:grid-cols-3 lg:gap-8"
      >
        <div
          class="relative lg:-my-8"
        >
          <div
            aria-hidden="true"
            class="absolute inset-x-0 top-0 bg-white h-1/2 lg:hidden"
          />
          <div
            class="max-w-md px-4 mx-auto sm:max-w-3xl sm:px-6 lg:p-0 lg:h-full"
          >
            <div
              class="overflow-hidden shadow-xl aspect-w-10 aspect-h-6 rounded-xl sm:aspect-w-16 sm:aspect-h-7 lg:aspect-none lg:h-full"
            >
              <img
                alt=""
                class="object-cover lg:h-full lg:w-full"
                src="https://images.unsplash.com/photo-1520333789090-1afc82db536a?ixlib=rb-1.2.1&ixid=eyJhcHBfaWQiOjEyMDd9&auto=format&fit=crop&w=2102&q=80"
              />
            </div>
          </div>
        </div>
        <div
          class="mt-12 lg:m-0 lg:col-span-2 lg:pl-8"
        >
          <div
            class="max-w-md px-4 mx-auto sm:max-w-2xl sm:px-6 lg:px-0 lg:py-20 lg:max-w-none"
          >
            <blockquote>
              <div>
                <svg
                  aria-hidden="true"
                  class="w-12 h-12 text-white opacity-25"
                  fill="currentColor"
                  viewBox="0 0 32 32"
                >
                  <path
                    d="M9.352 4C4.456 7.456 1 13.12 1 19.36c0 5.088 3.072 8.064 6.624 8.064 3.36 0 5.856-2.688 5.856-5.856 0-3.168-2.208-5.472-5.088-5.472-.576 0-1.344.096-1.536.192.48-3.264 3.552-7.104 6.624-9.024L9.352 4zm16.512 0c-4.8 3.456-8.256 9.12-8.256 15.36 0 5.088 3.072 8.064 6.624 8.064 3.264 0 5.856-2.688 5.856-5.856 0-3.168-2.304-5.472-5.184-5.472-.576 0-1.248.096-1.44.192.48-3.264 3.456-7.104 6.528-9.024L25.864 4z"
                  />
                </svg>
                <p
                  class="mt-6 text-2xl font-medium text-white"
                >
                  Lorem ipsum dolor sit amet, consectetur adipiscing elit. Sed urna nulla vitae laoreet augue. Amet feugiat est integer dolor auctor adipiscing nunc urna, sit.
                </p>
              </div>
              <footer
                class="mt-6"
              >
                <p
                  class="text-base font-medium text-white"
                >
                  Judith Black
                </p>
                <p
                  class="text-base font-medium text-cyan-100"
                >
                  CEO at PureInsights
                </p>
              </footer>
            </blockquote>
          </div>
        </div>
      </div>
    </section>
    <section
      class="relative py-16 bg-gray-50 sm:py-24 lg:py-32"
    >
      <div
        class="relative"
      >
        <div
          class="max-w-md px-4 mx-auto text-center sm:max-w-3xl sm:px-6 lg:px-8 lg:max-w-7xl"
        >
          <h2
            class="text-base font-semibold tracking-wider uppercase text-cyan-600"
          >
            Learn
          </h2>
          <p
            class="mt-2 text-3xl font-extrabold tracking-tight text-gray-900 sm:text-4xl"
          >
            Helpful Resources
          </p>
          <p
            class="mx-auto mt-5 text-xl text-gray-500 max-w-prose"
          >
            Phasellus lorem quam molestie id quisque diam aenean nulla in. Accumsan in quis quis nunc, ullamcorper malesuada. Eleifend condimentum id viverra nulla.
          </p>
        </div>
        <div
          class="grid max-w-md gap-8 px-4 mx-auto mt-12 sm:max-w-lg sm:px-6 lg:px-8 lg:grid-cols-3 lg:max-w-7xl"
        >
          <div
            class="flex flex-col overflow-hidden rounded-lg shadow-lg"
          >
            <div
              class="flex-shrink-0"
            >
              <img
                alt=""
                class="object-cover w-full h-48"
                src="https://images.unsplash.com/photo-1496128858413-b36217c2ce36?ixlib=rb-1.2.1&ixid=eyJhcHBfaWQiOjEyMDd9&auto=format&fit=crop&w=1679&q=80"
              />
            </div>
            <div
              class="flex flex-col justify-between flex-1 p-6 bg-white"
            >
              <div
                class="flex-1"
              >
                <p
                  class="text-sm font-medium text-cyan-600"
                >
                  <a
                    class="hover:underline"
                    href="/blog/category/engineering"
                  >
                    Engineering
                  </a>
                </p>
                <a
                  class="block mt-2"
                  href="/boost-your-conversion-rate"
                >
                  <p
                    class="text-xl font-semibold text-gray-900"
                  >
                    Boost your conversion rate
                  </p>
                  <p
                    class="mt-3 text-base text-gray-500"
                  >
                    Lorem ipsum dolor sit amet consectetur adipisicing elit. Architecto accusantium praesentium eius, ut atque fuga culpa, similique sequi cum eos quis dolorum.
                  </p>
                </a>
              </div>
              <div
                class="flex items-center mt-6"
              >
                <div
                  class="flex-shrink-0"
                >
                  <a
                    href="/user/roel-aufderehar"
                  >
                    <img
                      alt="Roel Aufderehar"
                      class="w-10 h-10 rounded-full"
                      src="https://images.unsplash.com/photo-1472099645785-5658abf4ff4e?ixlib=rb-1.2.1&ixid=eyJhcHBfaWQiOjEyMDd9&auto=format&fit=facearea&facepad=2&w=256&h=256&q=80"
                    />
                  </a>
                </div>
                <div
                  class="ml-3"
                >
                  <p
                    class="text-sm font-medium text-gray-900"
                  >
                    <a
                      class="hover:underline"
                      href="/user/roel-aufderehar"
                    >
                      Roel Aufderehar
                    </a>
                  </p>
                  <div
                    class="flex space-x-1 text-sm text-gray-500"
                  >
                    <time
                      datetime="2020-03-16"
                    >
                      Mar 16, 2022
                    </time>
                    <span
                      aria-hidden="true"
                    >
                      ·
                    </span>
                    <span>
                      6 min
                       read
                    </span>
                  </div>
                </div>
              </div>
            </div>
          </div>
          <div
            class="flex flex-col overflow-hidden rounded-lg shadow-lg"
          >
            <div
              class="flex-shrink-0"
            >
              <img
                alt=""
                class="object-cover w-full h-48"
                src="https://images.unsplash.com/photo-1547586696-ea22b4d4235d?ixlib=rb-1.2.1&ixid=eyJhcHBfaWQiOjEyMDd9&auto=format&fit=crop&w=1679&q=80"
              />
            </div>
            <div
              class="flex flex-col justify-between flex-1 p-6 bg-white"
            >
              <div
                class="flex-1"
              >
                <p
                  class="text-sm font-medium text-cyan-600"
                >
                  <a
                    class="hover:underline"
                    href="/blog/category/dev-ops"
                  >
                    DevOps
                  </a>
                </p>
                <a
                  class="block mt-2"
                  href="/how-to-use-search-engine-optimization-to-drive-sales"
                >
                  <p
                    class="text-xl font-semibold text-gray-900"
                  >
                    How to use search engine optimization to drive sales
                  </p>
                  <p
                    class="mt-3 text-base text-gray-500"
                  >
                    Lorem ipsum dolor sit amet consectetur adipisicing elit. Velit facilis asperiores porro quaerat doloribus, eveniet dolore. Adipisci tempora aut inventore optio animi., tempore temporibus quo laudantium.
                  </p>
                </a>
              </div>
              <div
                class="flex items-center mt-6"
              >
                <div
                  class="flex-shrink-0"
                >
                  <a
                    href="/user/brenna-goyette"
                  >
                    <img
                      alt="Brenna Goyette"
                      class="w-10 h-10 rounded-full"
                      src="https://images.unsplash.com/photo-1550525811-e5869dd03032?ixlib=rb-1.2.1&ixid=eyJhcHBfaWQiOjEyMDd9&auto=format&fit=facearea&facepad=2&w=256&h=256&q=80"
                    />
                  </a>
                </div>
                <div
                  class="ml-3"
                >
                  <p
                    class="text-sm font-medium text-gray-900"
                  >
                    <a
                      class="hover:underline"
                      href="/user/brenna-goyette"
                    >
                      Brenna Goyette
                    </a>
                  </p>
                  <div
                    class="flex space-x-1 text-sm text-gray-500"
                  >
                    <time
                      datetime="2020-03-10"
                    >
                      Mar 10, 2022
                    </time>
                    <span
                      aria-hidden="true"
                    >
                      ·
                    </span>
                    <span>
                      4 min
                       read
                    </span>
                  </div>
                </div>
              </div>
            </div>
          </div>
          <div
            class="flex flex-col overflow-hidden rounded-lg shadow-lg"
          >
            <div
              class="flex-shrink-0"
            >
              <img
                alt=""
                class="object-cover w-full h-48"
                src="https://images.unsplash.com/photo-1492724441997-5dc865305da7?ixlib=rb-1.2.1&ixid=eyJhcHBfaWQiOjEyMDd9&auto=format&fit=crop&w=1679&q=80"
              />
            </div>
            <div
              class="flex flex-col justify-between flex-1 p-6 bg-white"
            >
              <div
                class="flex-1"
              >
                <p
                  class="text-sm font-medium text-cyan-600"
                >
                  <a
                    class="hover:underline"
                    href="/blog/category/misc"
                  >
                    Miscellaneous
                  </a>
                </p>
                <a
                  class="block mt-2"
                  href="/improve-your-customer-experience"
                >
                  <p
                    class="text-xl font-semibold text-gray-900"
                  >
                    Improve your customer experience
                  </p>
                  <p
                    class="mt-3 text-base text-gray-500"
                  >
                    Lorem ipsum dolor sit amet consectetur adipisicing elit. Sint harum rerum voluptatem quo recusandae magni placeat saepe molestiae, sed excepturi cumque corporis perferendis hic.
                  </p>
                </a>
              </div>
              <div
                class="flex items-center mt-6"
              >
                <div
                  class="flex-shrink-0"
                >
                  <a
                    href="/user/daniela-metz"
                  >
                    <img
                      alt="Daniela Metz"
                      class="w-10 h-10 rounded-full"
                      src="https://images.unsplash.com/photo-1487412720507-e7ab37603c6f?ixlib=rb-1.2.1&ixid=eyJhcHBfaWQiOjEyMDd9&auto=format&fit=facearea&facepad=2&w=256&h=256&q=80"
                    />
                  </a>
                </div>
                <div
                  class="ml-3"
                >
                  <p
                    class="text-sm font-medium text-gray-900"
                  >
                    <a
                      class="hover:underline"
                      href="/user/daniela-metz"
                    >
                      Daniela Metz
                    </a>
                  </p>
                  <div
                    class="flex space-x-1 text-sm text-gray-500"
                  >
                    <time
                      datetime="2020-02-12"
                    >
                      Feb 12, 2022
                    </time>
                    <span
                      aria-hidden="true"
                    >
                      ·
                    </span>
                    <span>
                      11 min
                       read
                    </span>
                  </div>
                </div>
              </div>
            </div>
          </div>
        </div>
      </div>
    </section>
    <section
      class="relative bg-gray-900"
    >
      <div
        class="relative h-56 bg-indigo-600 sm:h-72 md:absolute md:left-0 md:h-full md:w-1/2"
      >
        <img
          alt=""
          class="object-cover w-full h-full"
          src="https://images.unsplash.com/photo-1525130413817-d45c1d127c42?ixlib=rb-1.2.1&ixid=eyJhcHBfaWQiOjEyMDd9&auto=format&fit=crop&w=1920&q=60&sat=-100"
        />
        <div
          aria-hidden="true"
          class="absolute inset-0 bg-gradient-to-r from-teal-500 to-cyan-600 mix-blend-multiply"
        />
      </div>
      <div
        class="relative max-w-md px-4 py-12 mx-auto sm:max-w-7xl sm:px-6 sm:py-20 md:py-28 lg:px-8 lg:py-32"
      >
        <div
          class="md:ml-auto md:w-1/2 md:pl-10"
        >
          <h2
            class="text-base font-semibold tracking-wider text-gray-300 uppercase"
          >
            Award winning support
          </h2>
          <p
            class="mt-2 text-3xl font-extrabold tracking-tight text-white sm:text-4xl"
          >
            We're here to help
          </p>
          <p
            class="mt-3 text-lg text-gray-300"
          >
            Lorem ipsum dolor sit amet, consectetur adipiscing elit. Et, egestas tempus tellus etiam sed. Quam a scelerisque amet ullamcorper eu enim et fermentum, augue. Aliquet amet volutpat quisque ut interdum tincidunt duis.
          </p>
          <div
            class="mt-8"
          >
            <div
              class="inline-flex rounded-md shadow"
            >
              <a
                class="inline-flex items-center justify-center px-5 py-3 text-base font-medium text-gray-900 bg-white border border-transparent rounded-md hover:bg-gray-50"
                href="/support/help-center"
              >
                Visit the help center
                <svg
                  aria-hidden="true"
                  class="w-5 h-5 ml-3 -mr-1 text-gray-400"
                  fill="none"
                  stroke="currentColor"
                  viewBox="0 0 24 24"
                  xmlns="http://www.w3.org/2000/svg"
                >
                  <path
                    d="M10 6H6a2 2 0 00-2 2v10a2 2 0 002 2h10a2 2 0 002-2v-4M14 4h6m0 0v6m0-6L10 14"
                    stroke-linecap="round"
                    stroke-linejoin="round"
                    stroke-width="2"
                  />
                </svg>
              </a>
            </div>
          </div>
        </div>
      </div>
    </section>
  </div>
</div>
`;
